<!DOCTYPE html>
<html lang="en">
<head>
  <meta charset="UTF-8">
  <title>ZANTRUM 2026 | Registration</title>
  <meta name="viewport" content="width=device-width, initial-scale=1.0">

  <!-- Firebase -->
  <script src="https://www.gstatic.com/firebasejs/10.7.1/firebase-app-compat.js"></script>
  <script src="https://www.gstatic.com/firebasejs/10.7.1/firebase-firestore-compat.js"></script>
  <script src="https://www.gstatic.com/firebasejs/10.7.1/firebase-messaging-compat.js"></script>

  <!-- QR Code & PDF Libraries -->
  <script src="https://cdnjs.cloudflare.com/ajax/libs/qrcodejs/1.0.0/qrcode.min.js"></script>
  <script src="https://cdnjs.cloudflare.com/ajax/libs/jspdf/2.5.1/jspdf.umd.min.js"></script>

  <style>
    * { margin:0; padding:0; box-sizing:border-box; font-family:'Segoe UI', sans-serif; }
    body { background:#020617; color:#e5e7eb; min-height:100vh; }
    .navbar { position:fixed; top:0; width:100%; padding:14px 8%; display:flex; justify-content:space-between; background:#020617; border-bottom:1px solid #1e293b; z-index:1000; }
    .nav-logo { font-size:1.4rem; font-weight:700; letter-spacing:3px; color:#38bdf8; }
    .nav-links { display:flex; gap:30px; list-style:none; }
    .nav-links a { text-decoration:none; color:#e5e7eb; font-size:0.95rem; }
    .nav-links a.active { color:#38bdf8; }
    .nav-toggle { display:none; font-size:1.8rem; cursor:pointer; color:#e5e7eb; }
    @media (max-width:768px){ .nav-toggle{display:block;} .nav-links{position:absolute; top:60px; left:0; width:100%; flex-direction:column; background:#020617; display:none; padding:20px 0;} .nav-links.show{display:flex;} .nav-links li{text-align:center; padding:12px 0;} }
    .flow-container { padding-top:100px; min-height:100vh; display:flex; flex-direction:column; align-items:center; gap:50px; }
    .step { display:none; width:90%; max-width:500px; text-align:center; }
    .step.active { display:block; }
    h1 { font-size:clamp(28px,5vw,42px); margin-bottom:30px; color:#38bdf8; letter-spacing:2px; }
    input { width:100%; background:transparent; border:none; border-bottom:2px solid #1e293b; padding:14px; font-size:1.1rem; color:#e5e7eb; outline:none; text-align:center; margin-bottom:20px; }
    button { margin-top:20px; padding:14px 40px; border:none; border-radius:30px; background:#38bdf8; color:#020617; font-size:1rem; cursor:pointer; transition:0.3s; }
    button:hover { background:#0ea5e9; }
    .event-list { display:flex; flex-direction:column; gap:15px; text-align:left; }
    .event-list label { padding:14px 20px; border:1px solid #1e293b; border-radius:30px; cursor:pointer; display:block; }
    .event-list input { display:none; }
    .event-list label:has(input:checked) { background:rgba(56,189,248,0.15); border-color:#38bdf8; }
    #success p { opacity:0.8; margin-top:15px; }
    .footer { padding:30px 10px; text-align:center; background:#020617; border-top:1px solid #1e293b; color:#94a3b8; font-size:0.85rem; }
  </style>
</head>
<body>

<!-- NAVBAR -->
<nav class="navbar">
  <div class="nav-logo">ZANTRUM</div>
  <div class="nav-toggle" onclick="toggleMenu()">☰</div>
  <ul class="nav-links" id="navLinks">
    <li><a href="index.html">Home</a></li>
    <li><a href="events.html">Events</a></li>
    <li><a class="active" href="register.html">Register</a></li>
    <li><a href="index.html#contact">Contact</a></li>
  </ul>
</nav>

<!-- REGISTRATION FLOW -->
<div class="flow-container">

  <div class="step active" id="step1">
    <h1>WHO ARE YOU?</h1>
    <input type="text" placeholder="Enter your name" id="name" required>
    <button onclick="nextStep(1)">NEXT</button>
  </div>

  <div class="step" id="step2">
    <h1>WHERE DO YOU STUDY?</h1>
    <input type="text" placeholder="College / University" id="college" required>
    <button onclick="nextStep(2)">NEXT</button>
  </div>

  <div class="step" id="step3">
    <h1>HOW CAN WE CONTACT YOU?</h1>
    <input type="tel" placeholder="Phone number" id="phone" required>
    <button onclick="nextStep(3)">NEXT</button>
  </div>

  <div class="step" id="step4">
    <h1>WHAT IS YOUR EMAIL?</h1>
    <input type="email" placeholder="Enter your email" id="email" required>
    <button onclick="nextStep(4)">NEXT</button>
  </div>

  <div class="step" id="step5">
    <h1>CHOOSE YOUR EVENTS</h1>
    <div class="event-list">
      <label><input type="checkbox" value="Paper Presentation"> Paper Presentation</label>
      <label><input type="checkbox" value="Technical Quiz"> Technical Quiz</label>
      <label><input type="checkbox" value="UI / UX Design"> UI / UX Design</label>
      <label><input type="checkbox" value="Web Design"> Web Design</label>
      <label><input type="checkbox" value="Photography"> Photography</label>
      <label><input type="checkbox" value="Treasure Hunt"> Treasure Hunt</label>
      <label><input type="checkbox" value="E-Sport (Free Fire)"> E-Sport (Free Fire)</label>
    </div>
    <button onclick="register()">REGISTER</button>
  </div>

  <div class="step" id="success">
    <h1>REGISTERED</h1>
    <p>You are now part of ZANTRUM 2026!</p>
  </div>

</div>

<!-- FOOTER -->
<footer class="footer">
  <p>© 2026 ZANTRUM | National Level Technical Symposium</p>
  <p>Designed & Developed by Ramana Murugan</p>
</footer>

<!-- FIREBASE CONFIG -->
<script>
  const firebaseConfig = {
    apiKey: "AIzaSyCaRXBCiTsRTQ2JfJOpNzSeSyayPwGW18E",
    authDomain: "zantrum-79a54.firebaseapp.com",
    projectId: "zantrum-79a54",
    storageBucket: "zantrum-79a54.appspot.com",
    messagingSenderId: "1032786729211",
    appId: "1:1032786729211:web:96b165118552fac4cff85e",
    measurementId: "G-XN6E6LX2FF"
  };

  firebase.initializeApp(firebaseConfig);
  const db = firebase.firestore();
  const messaging = firebase.messaging();
</script>

<script>
  // NAVBAR TOGGLE
  function toggleMenu() { document.getElementById("navLinks").classList.toggle("show"); }

  // STEP FLOW
  function nextStep(step) {
    const current = document.getElementById(`step${step}`);
    const next = document.getElementById(`step${step + 1}`);
    if(!next) return;
    current.classList.remove("active");
    next.classList.add("active");
  }

  // REQUEST NOTIFICATION PERMISSION
  Notification.requestPermission().then(permission => {
    if(permission === "granted"){
      messaging.getToken({ vapidKey: "YOUR_PUBLIC_VAPID_KEY" })
      .then(token => console.log("FCM Token:", token))
      .catch(err => console.log(err));
    }
  });

  async function register() {
    const name = document.getElementById("name").value.trim();
    const college = document.getElementById("college").value.trim();
    const phone = document.getElementById("phone").value.trim();
    const email = document.getElementById("email").value.trim();
    const events = Array.from(document.querySelectorAll(".event-list input:checked")).map(e => e.value);

    if(!name || !college || !phone || !email || events.length===0){
      alert("Please complete all steps and select events");
      return;
    }

    try {
      // SAVE REGISTRATION & GET DOC ID
      const docRef = await db.collection("registrations").add({
        name, college, phone, email, events,
        createdAt: firebase.firestore.FieldValue.serverTimestamp(),
        checkedIn: false
      });

      // SHOW SUCCESS STEP
      document.getElementById("step5").classList.remove("active");
      document.getElementById("success").classList.add("active");

      // CREATE QR CODE IN MEMORY
      const tempDiv = document.createElement("div");
      const qr = new QRCode(tempDiv, {
        text: docRef.id,
        width: 200,
        height: 200
      });

      // WAIT A BIT TO ENSURE QR IS RENDERED
      setTimeout(() => {
        const qrCanvas = tempDiv.querySelector("canvas");
        const imgData = qrCanvas.toDataURL("image/png");

        // GENERATE PDF
        const { jsPDF } = window.jspdf;
        const pdf = new jsPDF();

        // QR at top center
        pdf.addImage(imgData, "PNG", 55, 20, 100, 100);

        // Registration details below QR
        pdf.setFontSize(12);
        pdf.text(`Name: ${name}`, 20, 140);
        pdf.text(`College: ${college}`, 20, 150);
        pdf.text(`Phone: ${phone}`, 20, 160);
        pdf.text(`Email: ${email}`, 20, 170);
        pdf.text(`Events: ${events.join(", ")}`, 20, 180);

        // Auto-download
        pdf.save(`${name}_ZANTRUM_QR.pdf`);
      }, 500);

      // PUSH NOTIFICATION
      if("Notification" in window && Notification.permission === "granted"){
        new Notification("ZANTRUM 2026 Registration ✅", {
          body: `Hello ${name}, you registered for: ${events.join(", ")}`,
          icon: "img/logo.png"
        });
      }

    } catch(err){
      console.error(err);
      alert("Registration failed. Try again.");
    }
  }

  // SERVICE WORKER
  if('serviceWorker' in navigator){
    navigator.serviceWorker.register('firebase-messaging-sw.js')
    .then(reg => console.log('SW registered:', reg))
    .catch(err => console.log('SW registration failed:', err));
  }
</script>

</body>
</html>